Total tests: 100. Passed: 100. Failed: 0. Skipped: 0.
